// Jest Snapshot v1, https://goo.gl/fbAQLP

exports[`Slider renders correct html 1`] = `"<div style=\\"position: relative;\\" class=\\"css-1tktsdo\\"><div class=\\"track track-0 css-19ktlts\\" style=\\"position: absolute; top: 0px; bottom: 0px;\\" index=\\"0\\"></div><div class=\\"track track-1 css-6wmbgo\\" style=\\"position: absolute; top: 0px; bottom: 0px;\\" index=\\"1\\"></div><div class=\\"track track-2 css-19ktlts\\" style=\\"position: absolute; top: 0px; bottom: 0px;\\" index=\\"2\\"></div><div class=\\"css-1nbjudb\\" style=\\"position: absolute; z-index: 1; top: 0px;\\" tabindex=\\"0\\" role=\\"slider\\" aria-orientation=\\"vertical\\" aria-valuenow=\\"10\\" aria-valuemin=\\"10\\" aria-valuemax=\\"20\\"><div class=\\"css-73nhde\\">10</div></div><div class=\\"css-1nbjudb\\" style=\\"position: absolute; z-index: 2; top: 0px;\\" tabindex=\\"0\\" role=\\"slider\\" aria-orientation=\\"vertical\\" aria-valuenow=\\"20\\" aria-valuemin=\\"10\\" aria-valuemax=\\"20\\"><div class=\\"css-73nhde\\">20</div></div></div>"`;
